
> barcode-luck@0.1.0 build
> next build

npm : ΓÜá Warning: 
Next.js inferred 
your workspace 
root, but it may 
not be correct.
At line:1 char:403
+ ... REDIRECT_URL="
https://instagram.co
m/test"; npm run 
build 2>&1 | Tee-O 
...
+                   
                    
         
~~~~~~~~~~~~~~~~~~
    + CategoryInfo  
            : NotS  
  pecified: (ΓÜá    
 Warning: Ne...n    
ot be correct.:    
String) [], Rem    
oteException
    + FullyQualifie 
   dErrorId : Nati  
  veCommandError
 
 We detected 
multiple lockfiles 
and selected the 
directory of 
C:\Users\Dzaky Ahnaf
\pnpm-lock.yaml as 
the root directory.
 To silence this 
warning, set 
`turbopack.root` in 
your Next.js 
config, or consider 
removing one of the 
lockfiles if it's 
not needed.
   See https://nextj
s.org/docs/app/api-r
eference/config/next
-config-js/turbopack
#root-directory for 
more information.
 Detected 
additional 
lockfiles: 
   * C:\Users\Dzaky 
Ahnaf\kerja\startfri
day\barcode-luck\pac
kage-lock.json

Γû▓ Next.js 16.1.6 (Turbopack)

  Creating an optimized production build ...
Γ£ô Compiled successfully in 3.1s
  Running TypeScript ...
  Collecting page data using 21 workers ...
  Generating static pages using 21 workers (0/6) ...
  Generating static pages using 21 workers (1/6) 
  Generating static pages using 21 workers (2/6) 
  Generating static pages using 21 workers (4/6) 
Γ£ô Generating static pages using 21 workers (6/6) in 593.0ms
  Finalizing page optimization ...

Route (app)
Γöî Γùï /
Γö£ Γùï /_not-found
Γö£ Γùï /admin
Γö£ ╞Æ /api/admin/codes
Γö£ ╞Æ /api/admin/stats
Γö£ ╞Æ /api/spin
Γö£ ╞Æ /api/validate-code
Γöö Γùï /result


Γùï  (Static)   prerendered as static content
╞Æ  (Dynamic)  server-rendered on demand

